API for https://demo.data.gouv.fr ready.
Starting at Tue Jun  9 08:55:30 2026.
Processing universe topic 'univers-accessibilite'.
Found 342 entries in grist.
Unknown Dataset 685965d0ab901919e14a4a1b
Unknown Dataset 69e961018d14430a1ea6b408
Found 340 datasets matching the upcoming universe.
Found 340 datasets currently in the universe.
Updating topic:
- Adding 0 datasets...
- Deleting 0 datasets...
Generating output file dist/accessibilite-demo/organizations-datasets.json with 167 entries...
Found 0 dataservices matching the upcoming universe.
Found 0 dataservices currently in the universe.
Updating topic:
- Adding 0 dataservices...
- Deleting 0 dataservices...
Generating output file dist/accessibilite-demo/organizations-dataservices.json with 0 entries...
Found 6 bouquets with the universe tag.
Generating output file dist/accessibilite-demo/organizations-bouquets.json with 1 entries...
Done at Tue Jun  9 08:56:33 2026 in 62 seconds.
